D:\Intership\paypal-provider-service\paypal-provider-service-start\src\main\java\com\cpt\payments\paypal\req\ExperienceContext.java
D:\Intership\paypal-provider-service\paypal-provider-service-start\src\main\java\com\cpt\payments\constant\Constant.java
D:\Intership\paypal-provider-service\paypal-provider-service-start\src\main\java\com\cpt\payments\pojo\Order.java
D:\Intership\paypal-provider-service\paypal-provider-service-start\src\main\java\com\cpt\payments\dto\CreateOrderReqDTO.java
D:\Intership\paypal-provider-service\paypal-provider-service-start\src\main\java\com\cpt\payments\paypal\res\Link.java
D:\Intership\paypal-provider-service\paypal-provider-service-start\src\main\java\com\cpt\payments\http\HttpRequest.java
D:\Intership\paypal-provider-service\paypal-provider-service-start\src\main\java\com\cpt\payments\paypal\req\Amount.java
D:\Intership\paypal-provider-service\paypal-provider-service-start\src\main\java\com\cpt\payments\service\helper\GetOrderRequestHelper.java
D:\Intership\paypal-provider-service\paypal-provider-service-start\src\main\java\com\cpt\payments\controller\AdditionController.java
D:\Intership\paypal-provider-service\paypal-provider-service-start\src\main\java\com\cpt\payments\service\interfaces\PaymentService.java
D:\Intership\paypal-provider-service\paypal-provider-service-start\src\main\java\com\cpt\payments\exception\PaypalProviderException.java
D:\Intership\paypal-provider-service\paypal-provider-service-start\src\main\java\com\cpt\payments\pojo\PaypalProviderCreateOrderReq.java
D:\Intership\paypal-provider-service\paypal-provider-service-start\src\main\java\com\cpt\payments\paypal\PaypalErrorResponse.java
D:\Intership\paypal-provider-service\paypal-provider-service-start\src\main\java\com\cpt\payments\constant\ErrorCodeEnum.java
D:\Intership\paypal-provider-service\paypal-provider-service-start\src\main\java\com\cpt\payments\controller\RedisController.java
D:\Intership\paypal-provider-service\paypal-provider-service-start\src\main\java\com\cpt\payments\exception\PaypalProviderExceptionHandler.java
D:\Intership\paypal-provider-service\paypal-provider-service-start\src\main\java\com\cpt\payments\paypal\req\PaymentRequest.java
D:\Intership\paypal-provider-service\paypal-provider-service-start\src\main\java\com\cpt\payments\service\helper\CaptureOrderRequestHelper.java
D:\Intership\paypal-provider-service\paypal-provider-service-start\src\main\java\com\cpt\payments\http\HttpClientUtil.java
D:\Intership\paypal-provider-service\paypal-provider-service-start\src\main\java\com\cpt\payments\paypal\req\PurchaseUnit.java
D:\Intership\paypal-provider-service\paypal-provider-service-start\src\main\java\com\cpt\payments\paypal\res\OrderResponse.java
D:\Intership\paypal-provider-service\paypal-provider-service-start\src\main\java\com\cpt\payments\paypal\TokenResponse.java
D:\Intership\paypal-provider-service\paypal-provider-service-start\src\main\java\com\cpt\payments\service\helper\CreateOrderRequestHelper.java
D:\Intership\paypal-provider-service\paypal-provider-service-start\src\main\java\com\cpt\payments\PaypalProviderServiceApplication.java
D:\Intership\paypal-provider-service\paypal-provider-service-start\src\main\java\com\cpt\payments\dto\OrderDTO.java
D:\Intership\paypal-provider-service\paypal-provider-service-start\src\main\java\com\cpt\payments\pojo\ErrorResponse.java
D:\Intership\paypal-provider-service\paypal-provider-service-start\src\main\java\com\cpt\payments\paypal\PayPal.java
D:\Intership\paypal-provider-service\paypal-provider-service-start\src\main\java\com\cpt\payments\config\AppConfig.java
D:\Intership\paypal-provider-service\paypal-provider-service-start\src\main\java\com\cpt\payments\paypal\PaymentSource.java
D:\Intership\paypal-provider-service\paypal-provider-service-start\src\main\java\com\cpt\payments\service\impl\PaymentServiceImpl.java
D:\Intership\paypal-provider-service\paypal-provider-service-start\src\main\java\com\cpt\payments\service\TokenService.java
D:\Intership\paypal-provider-service\paypal-provider-service-start\src\main\java\com\cpt\payments\service\RedisService.java
D:\Intership\paypal-provider-service\paypal-provider-service-start\src\main\java\com\cpt\payments\controller\PaymentController.java
